---
http_interactions:
- request:
    method: get
    uri: http://registry:3000/repp/v1/domains/example.ee
    body:
      encoding: US-ASCII
      string: ''
    headers:
      Authorization:
      - "<TOKEN>"
      User-Agent:
      - Faraday v2.3.0
      Accept-Encoding:
      - gzip;q=1.0,deflate;q=0.6,identity;q=0.3
      Accept:
      - "*/*"
  response:
    status:
      code: 200
      message: OK
    headers:
      X-Frame-Options:
      - SAMEORIGIN
      X-Xss-Protection:
      - 1; mode=block
      X-Content-Type-Options:
      - nosniff
      X-Download-Options:
      - noopen
      X-Permitted-Cross-Domain-Policies:
      - none
      Referrer-Policy:
      - strict-origin-when-cross-origin
      Content-Type:
      - application/json; charset=utf-8
      Vary:
      - Accept
      Etag:
      - W/"de88fd954aebeb57a3e86da6902066d7"
      Cache-Control:
      - max-age=0, private, must-revalidate
      X-Request-Id:
      - 9b2f08d9-f1f7-4781-99d9-8925fe9d7bef
      X-Runtime:
      - '0.085197'
      Transfer-Encoding:
      - chunked
    body:
      encoding: UTF-8
      string: '{"code":1000,"message":"Command completed successfully","data":{"domain":{"name":"example.ee","registrant":{"name":"Mary
        Änn O’Connež-Šuslik Testnumber","code":"1111111:8E3736F2"},"created_at":"2022-03-13T19:41:21.913+02:00","updated_at":"2022-06-06T16:18:52.269+03:00","expire_time":"2022-09-14T00:00:00.000+03:00","outzone_at":"2022-04-18T16:18:52.130+03:00","delete_date":"2022-05-19","force_delete_date":null,"contacts":[{"code":"1111111:0E828F10","type":"TechDomainContact","name":"Sergei
        Tsõganov"},{"code":"1111111:8E3736F2","type":"AdminDomainContact","name":"Mary
        Änn O’Connež-Šuslik Testnumber"}],"nameservers":[{"id":39,"hostname":"ns1.ams1.domainer.ee","ipv4":["192.168.1.1"],"ipv6":["2620:119:35::36"]},{"id":43,"hostname":"ttttttttttttttt.ee","ipv4":[],"ipv6":[]}],"dnssec_keys":[{"id":5,"flags":null,"protocol":null,"alg":null,"public_key":""}],"statuses":{"inactive":"","pendingDelete":"","serverHold":"","serverForceDelete":"","serverRenewProhibited":"","serverTransferProhibited":""},"registrar":{"name":"Sergei
        ","website":"https://bankwiser.eu"},"dispute":false,"transfer_code":"0421786ef0b961393d52e5f58f48d1dd"}}}'
  recorded_at: Fri, 09 Sep 2022 10:03:34 GMT
- request:
    method: put
    uri: http://registry:3000/repp/v1/domains/example.ee
    body:
      encoding: UTF-8
      string: '{"domain":{"name":"example.ee","registrant":{"code":"1111111:8E3736F2"},"contacts":[{"code":"1111111:0E828F10","type":"tech"},{"code":"1111111:8E3736F2","type":"admin"}],"nameservers":[{"id":"39","hostname":"ns1.ams1.domainer.ee","ipv4":["192.168.1.1"],"ipv6":["2620:119:35::36"],"action":"add"},{"id":"43","hostname":"ttttttttttttttt.ee","ipv4":[],"ipv6":[],"action":"add"}]}}'
    headers:
      Authorization:
      - "<TOKEN>"
      User-Agent:
      - Faraday v2.3.0
      Content-Type:
      - application/json
      Accept-Encoding:
      - gzip;q=1.0,deflate;q=0.6,identity;q=0.3
      Accept:
      - "*/*"
  response:
    status:
      code: 400
      message: Bad Request
    headers:
      X-Frame-Options:
      - SAMEORIGIN
      X-Xss-Protection:
      - 1; mode=block
      X-Content-Type-Options:
      - nosniff
      X-Download-Options:
      - noopen
      X-Permitted-Cross-Domain-Policies:
      - none
      Referrer-Policy:
      - strict-origin-when-cross-origin
      Content-Type:
      - application/json; charset=utf-8
      Vary:
      - Accept
      Cache-Control:
      - no-cache
      X-Request-Id:
      - 6d598133-c406-4db0-bac7-0a80278bee5c
      X-Runtime:
      - '0.204355'
      Transfer-Encoding:
      - chunked
    body:
      encoding: UTF-8
      string: '{"code":2304,"message":"Object status prohibits operation","data":{}}'
  recorded_at: Fri, 09 Sep 2022 10:03:34 GMT
- request:
    method: get
    uri: http://registry:3000/repp/v1/domains/example.ee
    body:
      encoding: US-ASCII
      string: ''
    headers:
      Authorization:
      - "<TOKEN>"
      User-Agent:
      - Faraday v2.3.0
      Accept-Encoding:
      - gzip;q=1.0,deflate;q=0.6,identity;q=0.3
      Accept:
      - "*/*"
  response:
    status:
      code: 200
      message: OK
    headers:
      X-Frame-Options:
      - SAMEORIGIN
      X-Xss-Protection:
      - 1; mode=block
      X-Content-Type-Options:
      - nosniff
      X-Download-Options:
      - noopen
      X-Permitted-Cross-Domain-Policies:
      - none
      Referrer-Policy:
      - strict-origin-when-cross-origin
      Content-Type:
      - application/json; charset=utf-8
      Vary:
      - Accept
      Etag:
      - W/"de88fd954aebeb57a3e86da6902066d7"
      Cache-Control:
      - max-age=0, private, must-revalidate
      X-Request-Id:
      - 0311b31d-31d0-4986-a420-45c1ae3f3c9c
      X-Runtime:
      - '0.091121'
      Transfer-Encoding:
      - chunked
    body:
      encoding: UTF-8
      string: '{"code":1000,"message":"Command completed successfully","data":{"domain":{"name":"example.ee","registrant":{"name":"Mary
        Änn O’Connež-Šuslik Testnumber","code":"1111111:8E3736F2"},"created_at":"2022-03-13T19:41:21.913+02:00","updated_at":"2022-06-06T16:18:52.269+03:00","expire_time":"2022-09-14T00:00:00.000+03:00","outzone_at":"2022-04-18T16:18:52.130+03:00","delete_date":"2022-05-19","force_delete_date":null,"contacts":[{"code":"1111111:0E828F10","type":"TechDomainContact","name":"Sergei
        Tsõganov"},{"code":"1111111:8E3736F2","type":"AdminDomainContact","name":"Mary
        Änn O’Connež-Šuslik Testnumber"}],"nameservers":[{"id":39,"hostname":"ns1.ams1.domainer.ee","ipv4":["192.168.1.1"],"ipv6":["2620:119:35::36"]},{"id":43,"hostname":"ttttttttttttttt.ee","ipv4":[],"ipv6":[]}],"dnssec_keys":[{"id":5,"flags":null,"protocol":null,"alg":null,"public_key":""}],"statuses":{"inactive":"","pendingDelete":"","serverHold":"","serverForceDelete":"","serverRenewProhibited":"","serverTransferProhibited":""},"registrar":{"name":"Sergei
        ","website":"https://bankwiser.eu"},"dispute":false,"transfer_code":"0421786ef0b961393d52e5f58f48d1dd"}}}'
  recorded_at: Fri, 09 Sep 2022 10:03:34 GMT
recorded_with: VCR 6.1.0
